86: 2026-09-29T18:21:26.814+07:00 ERROR 25124 --- [z_pantry_backend] [nio-8080-exec-6] o.a.c.c.C.[.[.[/].[dispatcherServlet]    : Servlet.service() for servlet [dispatcherServlet] in context with path [] threw exception [Request processing failed: com.zpantry.user.service.OwnerAuthorizationException: Bạn chỉ được phép cập nhật thông tin của chính tài khoản mình.] with root cause
200: 2026-09-29T18:21:26.859+07:00 ERROR 25124 --- [z_pantry_backend] [io-8080-exec-10] o.a.c.c.C.[.[.[/].[dispatcherServlet]    : Servlet.service() for servlet [dispatcherServlet] in context with path [] threw exception [Request processing failed: com.zpantry.user.service.OwnerAuthorizationException: Bạn chỉ được phép cập nhật thông tin của chính tài khoản mình.] with root cause
315: 2026-09-29T18:21:26.989+07:00 ERROR 25124 --- [z_pantry_backend] [nio-8080-exec-1] o.a.c.c.C.[.[.[/].[dispatcherServlet]    : Servlet.service() for servlet [dispatcherServlet] in context with path [] threw exception [Request processing failed: java.lang.NullPointerException] with root cause
321: 	at com.zpantry.integration.ai.HttpAiClient.embedIngredient(HttpAiClient.java:54) ~[classes/:na]
322: 	at com.zpantry.ingredient.service.IngredientService.create(IngredientService.java:55) ~[classes/:na]
333: 	at com.zpantry.ingredient.service.IngredientService$$SpringCGLIB$$0.create(<generated>) ~[classes/:na]
433: 2026-09-29T18:21:27.084+07:00  WARN 25124 --- [z_pantry_backend] [nio-8080-exec-9] c.zpantry.integration.ai.HttpAiClient    : Failed to embed recipe 251ef6aa-c0ef-4bdd-998c-256d5e18ac6e: AI service request failed
434: 2026-09-29T18:21:27.128+07:00  WARN 25124 --- [z_pantry_backend] [io-8080-exec-10] c.zpantry.integration.ai.HttpAiClient    : Failed to embed recipe 251ef6aa-c0ef-4bdd-998c-256d5e18ac6e: AI service request failed
435: 2026-09-29T18:21:27.146+07:00  WARN 25124 --- [z_pantry_backend] [nio-8080-exec-3] c.zpantry.integration.ai.HttpAiClient    : Failed to embed recipe 251ef6aa-c0ef-4bdd-998c-256d5e18ac6e: AI service request failed
436: 2026-09-29T18:21:27.175+07:00 ERROR 25124 --- [z_pantry_backend] [nio-8080-exec-5] o.a.c.c.C.[.[.[/].[dispatcherServlet]    : Servlet.service() for servlet [dispatcherServlet] in context with path [] threw exception [Request processing failed: com.zpantry.integration.ai.HttpAiClient$AiIntegrationException: AI service request failed] with root cause
438: org.springframework.web.client.HttpClientErrorException$UnprocessableContent: 422 Unprocessable Content: "{"detail":[{"type":"missing","loc":["body"],"msg":"Field required","input":null}]}"
453: 	at com.zpantry.integration.ai.HttpAiClient.post(HttpAiClient.java:30) ~[classes/:na]
554: 2026-09-29T18:21:27.193+07:00 ERROR 25124 --- [z_pantry_backend] [nio-8080-exec-2] o.a.c.c.C.[.[.[/].[dispatcherServlet]    : Servlet.service() for servlet [dispatcherServlet] in context with path [] threw exception [Request processing failed: com.zpantry.integration.ai.HttpAiClient$AiIntegrationException: AI service request failed] with root cause
556: org.springframework.web.client.HttpClientErrorException$UnprocessableContent: 422 Unprocessable Content: "{"detail":[{"type":"missing","loc":["body"],"msg":"Field required","input":null}]}"
571: 	at com.zpantry.integration.ai.HttpAiClient.post(HttpAiClient.java:30) ~[classes/:na]
683: 2026-09-29T18:21:35.727+07:00 ERROR 25124 --- [z_pantry_backend] [nio-8080-exec-9] o.a.c.c.C.[.[.[/].[dispatcherServlet]    : Servlet.service() for servlet [dispatcherServlet] in context with path [] threw exception [Request processing failed: java.lang.IllegalStateException: Media storage is not configured] with root cause
799: 2026-09-29T18:21:35.753+07:00 ERROR 25124 --- [z_pantry_backend] [nio-8080-exec-6] o.a.c.c.C.[.[.[/].[dispatcherServlet]    : Servlet.service() for servlet [dispatcherServlet] in context with path [] threw exception [Request processing failed: java.lang.IllegalStateException: Media storage is not configured] with root cause
911: 2026-09-29T18:22:29.617+07:00 ERROR 25124 --- [z_pantry_backend] [nio-8080-exec-5] o.a.c.c.C.[.[.[/].[dispatcherServlet]    : Servlet.service() for servlet [dispatcherServlet] in context with path [] threw exception [Request processing failed: com.zpantry.user.service.OwnerAuthorizationException: Bạn chỉ được phép cập nhật thông tin của chính tài khoản mình.] with root cause
1025: 2026-09-29T18:22:29.627+07:00 ERROR 25124 --- [z_pantry_backend] [nio-8080-exec-2] o.a.c.c.C.[.[.[/].[dispatcherServlet]    : Servlet.service() for servlet [dispatcherServlet] in context with path [] threw exception [Request processing failed: com.zpantry.user.service.OwnerAuthorizationException: Bạn chỉ được phép cập nhật thông tin của chính tài khoản mình.] with root cause
1140: 2026-09-29T18:22:29.686+07:00 ERROR 25124 --- [z_pantry_backend] [nio-8080-exec-8] o.a.c.c.C.[.[.[/].[dispatcherServlet]    : Servlet.service() for servlet [dispatcherServlet] in context with path [] threw exception [Request processing failed: java.lang.NullPointerException] with root cause
1146: 	at com.zpantry.integration.ai.HttpAiClient.embedIngredient(HttpAiClient.java:54) ~[classes/:na]
1147: 	at com.zpantry.ingredient.service.IngredientService.create(IngredientService.java:55) ~[classes/:na]
1158: 	at com.zpantry.ingredient.service.IngredientService$$SpringCGLIB$$0.create(<generated>) ~[classes/:na]
1258: 2026-09-29T18:22:30.041+07:00  WARN 25124 --- [z_pantry_backend] [nio-8080-exec-6] c.zpantry.integration.ai.HttpAiClient    : Failed to embed ingredient 47bed559-407a-422b-8490-0ba78e279269: AI service request failed
1259: 2026-09-29T18:22:30.070+07:00  WARN 25124 --- [z_pantry_backend] [nio-8080-exec-7] c.zpantry.integration.ai.HttpAiClient    : Failed to embed ingredient 47bed559-407a-422b-8490-0ba78e279269: AI service request failed
1260: 2026-09-29T18:22:30.104+07:00  WARN 25124 --- [z_pantry_backend] [nio-8080-exec-2] c.zpantry.integration.ai.HttpAiClient    : Failed to embed recipe 322c234c-67cf-4ae3-8a5b-52203bbd8d70: AI service request failed
1261: 2026-09-29T18:22:30.166+07:00  WARN 25124 --- [z_pantry_backend] [nio-8080-exec-6] c.zpantry.integration.ai.HttpAiClient    : Failed to embed recipe 322c234c-67cf-4ae3-8a5b-52203bbd8d70: AI service request failed
1262: 2026-09-29T18:22:30.204+07:00  WARN 25124 --- [z_pantry_backend] [nio-8080-exec-7] c.zpantry.integration.ai.HttpAiClient    : Failed to embed recipe 322c234c-67cf-4ae3-8a5b-52203bbd8d70: AI service request failed
1264: 2026-09-29T18:22:30.508+07:00 ERROR 25124 --- [z_pantry_backend] [io-8080-exec-10] o.a.c.c.C.[.[.[/].[dispatcherServlet]    : Servlet.service() for servlet [dispatcherServlet] in context with path [] threw exception [Request processing failed: com.zpantry.integration.ai.HttpAiClient$AiIntegrationException: AI service request failed] with root cause
1266: org.springframework.web.client.HttpClientErrorException$UnprocessableContent: 422 Unprocessable Content: "{"detail":[{"type":"missing","loc":["body"],"msg":"Field required","input":null}]}"
1281: 	at com.zpantry.integration.ai.HttpAiClient.post(HttpAiClient.java:30) ~[classes/:na]
1382: 2026-09-29T18:22:30.520+07:00 ERROR 25124 --- [z_pantry_backend] [nio-8080-exec-7] o.a.c.c.C.[.[.[/].[dispatcherServlet]    : Servlet.service() for servlet [dispatcherServlet] in context with path [] threw exception [Request processing failed: com.zpantry.integration.ai.HttpAiClient$AiIntegrationException: AI service request failed] with root cause
1384: org.springframework.web.client.HttpClientErrorException$UnprocessableContent: 422 Unprocessable Content: "{"detail":[{"type":"missing","loc":["body"],"msg":"Field required","input":null}]}"
1399: 	at com.zpantry.integration.ai.HttpAiClient.post(HttpAiClient.java:30) ~[classes/:na]
1511: 2026-09-29T18:22:33.881+07:00 ERROR 25124 --- [z_pantry_backend] [nio-8080-exec-3] o.a.c.c.C.[.[.[/].[dispatcherServlet]    : Servlet.service() for servlet [dispatcherServlet] in context with path [] threw exception [Request processing failed: java.lang.IllegalStateException: Media storage is not configured] with root cause
1627: 2026-09-29T18:22:33.909+07:00 ERROR 25124 --- [z_pantry_backend] [nio-8080-exec-2] o.a.c.c.C.[.[.[/].[dispatcherServlet]    : Servlet.service() for servlet [dispatcherServlet] in context with path [] threw exception [Request processing failed: java.lang.IllegalStateException: Media storage is not configured] with root cause
