
> z-pantry-ai-meal-planner@1.0.0 build
> expo export -p web --clear

env: load .env
env: export EXPO_PUBLIC_ANDROID_API_BASE_URL EXPO_PUBLIC_API_BASE_URL EXPO_PUBLIC_GOOGLE_ANDROID_CLIENT_ID EXPO_PUBLIC_GOOGLE_IOS_CLIENT_ID EXPO_PUBLIC_GOOGLE_WEB_CLIENT_ID
Starting Metro Bundler

warning: Bundler cache is empty, rebuilding (this may take a minute)
| (node:7632) Warning: The 'NO_COLOR' env is ignored due to the 'FORCE_COLOR' env being set.
| (Use `node --trace-warnings ...` to show where the warning was created)
| (node:7632) Warning: The 'NO_COLOR' env is ignored due to the 'FORCE_COLOR' env being set.
| (Use `node --trace-warnings ...` to show where the warning was created)
| (node:7632) Warning: The 'NO_COLOR' env is ignored due to the 'FORCE_COLOR' env being set.
| (Use `node --trace-warnings ...` to show where the warning was created)
| (node:7632) Warning: The 'NO_COLOR' env is ignored due to the 'FORCE_COLOR' env being set.
| (Use `node --trace-warnings ...` to show where the warning was created)
| (node:7632) Warning: The 'NO_COLOR' env is ignored due to the 'FORCE_COLOR' env being set.
| (Use `node --trace-warnings ...` to show where the warning was created)
| (node:7632) Warning: The 'NO_COLOR' env is ignored due to the 'FORCE_COLOR' env being set.
| (Use `node --trace-warnings ...` to show where the warning was created)
| (node:7632) Warning: The 'NO_COLOR' env is ignored due to the 'FORCE_COLOR' env being set.
| (Use `node --trace-warnings ...` to show where the warning was created)
| (node:7632) Warning: The 'NO_COLOR' env is ignored due to the 'FORCE_COLOR' env being set.
| (Use `node --trace-warnings ...` to show where the warning was created)
| (node:7632) Warning: The 'NO_COLOR' env is ignored due to the 'FORCE_COLOR' env being set.
| (Use `node --trace-warnings ...` to show where the warning was created)
| (node:7632) Warning: The 'NO_COLOR' env is ignored due to the 'FORCE_COLOR' env being set.
| (Use `node --trace-warnings ...` to show where the warning was created)
| (node:7632) Warning: The 'NO_COLOR' env is ignored due to the 'FORCE_COLOR' env being set.
| (Use `node --trace-warnings ...` to show where the warning was created)
| (node:7632) Warning: The 'NO_COLOR' env is ignored due to the 'FORCE_COLOR' env being set.
| (Use `node --trace-warnings ...` to show where the warning was created)
Web Bundled 10868ms node_modules\expo\AppEntry.js (1544 modules)

› Assets (260):
assets\figma\explore-662-72.6294a5209818decf093129c00ebf3ea5.png (170KB)
assets\figma\explore-664-745.2dd964616e52668f812e766d033fe4c6.svg (368B)
assets\figma\explore-664-750.57dccaffce26bff2dd80ecb99e0d9141.svg (623B)
assets\figma\explore-664-755.aea139900d330b0275a424cae63f402b.svg (2.8KB)
assets\figma\explore-664-760.9c6e4d68bf78d111fc8844bca5c23148.svg (1.5KB)
assets\figma\explore-666-1483.6f16202d04b3602816dcbb264439f7b0.svg (1.2KB)
assets\figma\explore-666-1489.153477c9f982825ab206cb3e20a70788.svg (1.5KB)
assets\figma\explore-666-1492.d0771d074961df28ff0957f0c9dee39f.svg (572B)
assets\figma\explore-666-1496.32ced93ade39a4cf5f3941e81ec1a407.svg (375B)
assets\figma\explore-666-1518.31becd4f1a8a839e89338734d5f5a643.svg (667B)
assets\figma\explore-666-1522.741368739365c0b70f270c5a92b84700.svg (1.2KB)
assets\figma\explore-666-1536.89b61d214ac4facc2de4357a875f84a7.svg (325B)
assets\figma\explore-666-1553.369c9e2ab6ff2cd9f6788c39661d204a.svg (331B)
assets\figma\explore-666-1558.c6bfb922797b0e572cbf345594feaa5c.svg (1.5KB)
assets\figma\explore-666-1564.1d6bd42129ffd03d22891a219860ff7e.svg (2.3KB)
assets\figma\explore-666-1570.b8eb13789b75c83aac13d58f2af12a06.svg (7KB)
assets\figma\explore-666-1576.92d53bb8d44849427d9d0a0c54017704.svg (1.7KB)
assets\figma\explore-666-1582.f9662f5180a7b40a3856b2955bf3dde7.svg (3.2KB)
assets\figma\explore-666-1588.7bd85f0a8133d607842978697f8cb896.svg (3.3KB)
assets\figma\explore-666-1602.15ae7a0bed0cb978b6a3798f1b171c9f.png (51KB)
assets\figma\explore-666-1604.c671258c8b297b15e2364a83ef0450b5.svg (922B)
assets\figma\explore-666-1607.a7fa2ff0eac0d73cbb934d6e682aa9ca.svg (1.1KB)
assets\figma\explore-666-1614.4d79e2807bfc97a3d90a8707481ca58c.svg (401B)
assets\figma\explore-666-1625.bd4712b45587f40445b6cc155832f631.svg (1.5KB)
assets\figma\explore-666-1629.f3ad86c62867322d5af3a156950d7148.svg (2.2KB)
assets\figma\explore-666-1634.f527238ec732613fce8b8cdbe9230d3b.png (53KB)
assets\figma\explore-666-1636.34b8a3ea0914c299452fe5e721b7a434.svg (1.8KB)
assets\figma\explore-666-1639.b2fcd6a9d98a7d32523066a567a88030.svg (1.7KB)
assets\figma\explore-666-1666.8553bbd0efc0be5a37434e5853830131.png (58KB)
assets\figma\explore-666-1671.843b7e2e66a335d7f06fc19fe0c3c5eb.svg (1.6KB)
assets\figma\explore-666-1699.54deb3b42182b620cc2b0f01f3ac8869.svg (1.2KB)
assets\figma\explore-666-1711.e2bf160be2b7cf1f656d30c10abc761b.png (7.6KB)
assets\figma\explore-666-1730.8798a9f4a58d89560247ffeefafab7dc.svg (337B)
assets\figma\explore-666-1734.a82a3ca39aae5cc9e270160d27953149.svg (338B)
assets\figma\explore-666-1738.dc42e39afc26662a0bca1f709b200c7c.png (8.9KB)
assets\figma\explore-666-1763.1e50dae2cb0a13f13f545a77878a4e46.png (10KB)
assets\figma\explore-666-1794.bc4b100f086d3486e68c8ca71fa442e1.svg (669B)
assets\figma\explore-666-1829.82ad9c8005a4ed074cf3cf375d3c124f.svg (327B)
assets\figma\home-651-2472.36c30bdda9dc326457bf1fbd43167a83.svg (901B)
assets\figma\home-651-2545.ca9aa3c9013a75269111065a59a5eaf3.svg (881B)
assets\figma\home-651-2556.9e4e84a9d0c6eba8bdba4ccd82a4d57e.svg (321B)
assets\figma\home-651-2565.bac4bd5afedc76d3fd246801f4e28da3.svg (375B)
assets\figma\home-651-2570.2df03f4018bf46aaa9a5edc9e9ffe3b7.png (61KB)
assets\figma\home-651-2572.198a025ad55fcf78a564789dfcdac88b.svg (710B)
assets\figma\home-651-2584.4ceacfc7fcbf19a72281f3a8e6c06229.svg (2.2KB)
assets\figma\home-651-2595.4cda17d4b04517af824d2c304eb14252.svg (3.2KB)
assets\figma\home-651-2599.f709ed1284c79124a9a90ac38f51afb8.png (47KB)
assets\figma\home-651-2630.4e5b68d7e0dc1e266d72483c0f16f0da.png (9.2KB)
assets\figma\home-651-2651.bac4bd5afedc76d3fd246801f4e28da3.svg (375B)
assets\figma\home-651-2655.e83b66c42e45d8509cac2384d90009fb.png (6.9KB)
assets\figma\home-652-2680.a08256bd031d927b2d9b5cce392fcc81.svg (2.3KB)
assets\figma\home-652-2685.290d87e194d605235d69727c6dc443c0.svg (354B)
assets\figma\home-662-72.6294a5209818decf093129c00ebf3ea5.png (170KB)
assets\figma\home-664-679.29f1cf6f9d6291e0433ca4b7e5dc4020.svg (368B)
assets\figma\home-664-684.57dccaffce26bff2dd80ecb99e0d9141.svg (623B)
assets\figma\home-664-689.566975592a92f6ce992ed19aabd14dcf.svg (2.8KB)
assets\figma\home-664-694.9c6e4d68bf78d111fc8844bca5c23148.svg (1.5KB)
assets\figma\home-666-1844.9a641a522f6e393ad3cf03b590934cb6.png (572KB)
assets\figma\home-707-3117.c0d9b414ce1a39347186aa0b629bb32f.svg (517B)
assets\figma\home-707-3131.7fd7761ed75aed94a7f47b9ad19b222b.svg (1.5KB)
assets\figma\home-707-3135.192decc8403ede277cd008ac9be25c27.svg (315B)
assets\figma\login-622-107.13db9ce85af330ef7da16cdfe0a46b86.svg (922B)
assets\figma\login-622-120.b469a537b3cfe1c016efb0fcfcea4228.svg (1.6KB)
assets\figma\login-622-123.82fa3634fd30183543a989b27d54b554.svg (1.8KB)
assets\figma\login-622-1246.59cee8244621fcabd0be913028bcee49.png (299KB)
assets\figma\login-622-1249.b939a99a776e5b64cc55735b729d5f7d.svg (1.2KB)
assets\figma\login-622-138.e0487cb3420f698790ce3b219633a969.svg (378B)
assets\figma\login-622-141.4cf336eadd7c0456a24b058f2259b39d.svg (774B)
assets\figma\login-622-147.a01fefb35e95f59325a48f09844152f6.svg (1.2KB)
assets\figma\login-622-153.1febcf9e5fe60393629f98c467f4e9af.svg (1.6KB)
assets\figma\login-622-156.5665977f431de8edeb7528afa9a153d2.svg (716B)
assets\figma\login-622-165.30c50a87d3e93da0cefc9ab22673e927.svg (323B)
assets\figma\login-I662-97-662-83.aa5ab9c813831f1edadf800fc41fca96.svg (356B)
assets\figma\overview-622-1230.eb8d244a199c0611bba348fe6ba51f3f.png (2.1MB)
assets\figma\overview-622-1234.00fa9d270c0d042bc8d5d3a2ea843e90.svg (377B)
assets\figma\overview-622-1238.a45f3371b6dc8e2fefcdcd402ef983f4.png (114KB)
assets\figma\pantry-652-3259.36c30bdda9dc326457bf1fbd43167a83.svg (901B)
assets\figma\pantry-652-3266.15a9f36b8284ff8953f48cef2d5f0ad5.svg (701B)
assets\figma\pantry-652-3271.7c2d0ca51d1011987ba669b875ba5c8c.svg (433B)
assets\figma\pantry-652-3278.89548c172ded2d75671e284f32de03b9.svg (1.7KB)
assets\figma\pantry-652-3295.3bfc4ffa75e100266ac919d555f080ad.png (5.4KB)
assets\figma\pantry-652-3308.3a415679b85d60ecc9603c59bb747e68.png (3.8KB)
assets\figma\pantry-652-3321.4ca4855b8b8a830e7369b39019fe9dbb.png (4.2KB)
assets\figma\pantry-652-3334.2b4b5e9af7963a4c99da3adf6dd1f33b.png (3.9KB)
assets\figma\pantry-652-3347.03cb7602917bdcd870e69b2228423a11.png (3.6KB)
assets\figma\pantry-652-3360.a48eb5a51030c68a0eb30144c4b6a6f6.png (5.5KB)
assets\figma\pantry-652-3369.5f9d384c66faa00f650e6a782c14975a.svg (309B)
assets\figma\pantry-652-3389.e83b4fa7a47b6b5de7cdab03980c7c64.png (4.6KB)
assets\figma\pantry-652-3403.74c0342220730e5966a101e89070bae6.svg (298B)
assets\figma\pantry-652-3408.271ff63d415c502664ebfc309a8f19b1.svg (338B)
assets\figma\pantry-652-3413.1d0efe0473109437d980e382edec09df.png (4.6KB)
assets\figma\pantry-652-3435.f035dfeed91ee5e5b3e7f1867dc20604.png (4.5KB)
assets\figma\pantry-652-3458.ba8a3a331b8558cba0b5dc3ae8acd957.svg (487B)
assets\figma\pantry-652-3482.64263bc15b4adefc0a81c93830873639.svg (338B)
assets\figma\pantry-652-3487.e3b985f7d1a8dbfeda48242bd77ad154.svg (350B)
assets\figma\pantry-652-3517.d57a345cd6594d5af2770a955fc91ad4.svg (1.1KB)
assets\figma\pantry-652-3520.49f3853f2cf73562dced1a70329e577e.svg (679B)
assets\figma\pantry-652-3524.99a541940783c24840200bbebf49aa43.svg (847B)
assets\figma\pantry-652-3532.89b61d214ac4facc2de4357a875f84a7.svg (325B)
assets\figma\pantry-662-72.6294a5209818decf093129c00ebf3ea5.png (170KB)
assets\figma\pantry-664-701.2dd964616e52668f812e766d033fe4c6.svg (368B)
assets\figma\pantry-664-706.c743591dea1e0b2ff10a38a2573eebb7.svg (623B)
assets\figma\pantry-664-711.566975592a92f6ce992ed19aabd14dcf.svg (2.8KB)
assets\figma\pantry-664-716.9c6e4d68bf78d111fc8844bca5c23148.svg (1.5KB)
assets\figma\pantry-666-1846.9a641a522f6e393ad3cf03b590934cb6.png (572KB)
assets\figma\profile-649-1000.1343357d5d060b439355dc4cf735f5bf.svg (1KB)
assets\figma\profile-649-1045.df4def13e7589197dda0a69c87a2b311.svg (521B)
assets\figma\profile-649-1059.c770625e4cb17e63162f78d2f8f279fb.svg (629B)
assets\figma\profile-649-1067.de9f76181281728c77b09e6bcff5b545.svg (905B)
assets\figma\profile-649-1077.3ed72d8f6847bb4e110e3ee21ae37cc9.svg (323B)
assets\figma\profile-649-1082.b5c1bfd2738609f53ce7fc30014222ab.svg (3.5KB)
assets\figma\profile-649-1089.91f45e976ec96792191ac65e35bddc6b.svg (320B)
assets\figma\profile-649-1094.aa29f37507846401371520ba4646699d.svg (1.7KB)
assets\figma\profile-649-1106.2a6b342f9fbd1cb510a6f2985e81b679.svg (960B)
assets\figma\profile-649-1118.2ac5023a8d5efb553e5be50cee80746d.svg (2.5KB)
assets\figma\profile-649-938.b1de77abbac7ae54b0249d90cd67e079.svg (642B)
assets\figma\profile-649-942.74ad752aad11bcb0e011fdd9498726af.svg (2.3KB)
assets\figma\profile-649-949.90bd180b39182c06fb686a834a795308.svg (912B)
assets\figma\profile-649-954.aa916a9d8793bf9d45d8cdc341757282.svg (1.5KB)
assets\figma\profile-649-975.9a641a522f6e393ad3cf03b590934cb6.png (572KB)
assets\figma\profile-649-978.e0e07fd1784ce55bc98157789bf02391.svg (1.1KB)
assets\figma\profile-649-987.f393c80a672aa2f9ca6a61b34fa1fd86.svg (1.2KB)
assets\figma\profile-662-72.6294a5209818decf093129c00ebf3ea5.png (170KB)
assets\figma\profile-664-767.2dd964616e52668f812e766d033fe4c6.svg (368B)
assets\figma\profile-664-772.57dccaffce26bff2dd80ecb99e0d9141.svg (623B)
assets\figma\profile-664-777.566975592a92f6ce992ed19aabd14dcf.svg (2.8KB)
assets\figma\profile-664-782.2cf84129d6920790fe5709e7312c9712.svg (1.5KB)
assets\figma\register-622-1251.f94c1f2aa69cb8bd0c9bc15f45da9321.svg (1.2KB)
assets\figma\register-622-1254.6895a685d5717f9f8eb29e40f1ed7c70.svg (1.2KB)
assets\figma\register-622-1260.1febcf9e5fe60393629f98c467f4e9af.svg (1.6KB)
assets\figma\register-622-1263.cd0d06297e5d341ea4593dc0e963a0e7.svg (716B)
assets\figma\register-622-202.42ad0de9c1d736cc9e133779fc91d87e.svg (2KB)
assets\figma\register-622-210.4e553619514532efcc463052e61b19f0.svg (869B)
assets\figma\register-622-218.aa57efb6c0011c6220d45cce76beaf65.svg (1.8KB)
assets\figma\register-622-226.0cda0bb7eef63c257fb0cf10f6005730.svg (1.7KB)
assets\figma\register-622-228.31d477dea2aad99b248c1f8e731abbbb.svg (1.8KB)
assets\figma\register-622-248.00042ba59c71029af96a3d6eb4907b78.svg (892B)
assets\figma\register-622-249.f8a68660a807197051f75504dd701f0c.svg (1.6KB)
assets\figma\register-622-266.dd79fa8d3b8de437c509c247eb268dd9.svg (841B)
assets\figma\register-622-274.62138b470f3877500a5fc9ace8e0f1b0.svg (360B)
assets\figma\register-622-296.86f12fc4600df77abba293fa41c44603.svg (323B)
assets\figma\register-649-1448.59cee8244621fcabd0be913028bcee49.png (299KB)
assets\figma\register-I662-100-662-83.aa5ab9c813831f1edadf800fc41fca96.svg (356B)
assets\figma\survey-622-1267.2b95322697f4cee405818b6fa0167ec9.svg (324B)
assets\figma\survey-649-1585.b96d393c86e73f0285b7c8da6cd82472.svg (2.3KB)
assets\figma\survey-649-1610.97106b88e16e1c8248117ee3e6b5561d.svg (1.5KB)
assets\figma\survey-649-1637.ee8e6cb669aa9bf891e3f22749aa4243.svg (1.1KB)
assets\figma\survey-649-1641.1c88c03b3e3ef2c475651d7a0894ce50.svg (2.4KB)
assets\figma\survey-649-1648.c54ec25f4dcaa6f49c5e8e0bd3ecccf8.svg (887B)
assets\figma\survey-649-1673.09f587185cedcfa0b8b3c470271fb7a5.svg (616B)
assets\figma\survey-649-1702.ff3126f0cd414db608b42bf87657e16a.svg (2.4KB)
assets\figma\survey-649-1771.f607611ee076ce338b3461c27c15564f.svg (841B)
assets\figma\survey-649-1780.6498fbbc43d0294c76ca8ed84a99b08c.svg (2.2KB)
assets\figma\survey-649-1792.5dcc45046fbb983ee5f46c41f7bf2d41.svg (2.4KB)
assets\figma\survey-649-1804.83d8306e5622ba07fce7ff3781056779.svg (1.2KB)
assets\figma\survey-649-1816.83e2a7ae2d8473bddc76ae9e14bdd631.svg (3KB)
assets\figma\survey-649-1828.403766558e9206b549fd2fc4ec960069.svg (833B)
assets\figma\survey-649-1882.253f2670dd12c0b5d407cb7efa356000.svg (306B)
assets\figma\survey-649-1885.3f851c9401c1b0037b4d687ff771b752.svg (1.5KB)
assets\figma\survey-656-3926.27521060d36bc9b79d6fe59c007f94b1.svg (803B)
assets\figma\survey-656-3932.febbc0ccb9f4bb76fb9c3983ae90b7cd.svg (302B)
assets\figma\survey-656-3936.b7d71512370c15ba4d14d1450c0d514e.svg (1.1KB)
assets\figma\survey-656-3946.2b3848f845cc16c1054b0884258b774c.svg (1.2KB)
assets\figma\survey-664-192.bc3f4e9e8b33ed7777fe7bdadc20623b.svg (1.4KB)
assets\figma\survey-664-228.c2482a8f343593f9b646bb8f66d81dcf.svg (1.7KB)
assets\figma\survey-664-235.60cd66ee5d1fe5cd527ca6f8b5cb6c44.svg (3.3KB)
assets\figma\survey-664-242.fa1e807d3394b546dc95453f6dc54e4b.svg (1.2KB)
assets\figma\survey-664-249.e080ab7ef5d08501e9c16d0b62506dcf.svg (2.9KB)
assets\figma\survey-664-299.f4f801595a724d7cc36d3b1ed9b5410e.svg (1.1KB)
assets\figma\survey-664-361.4be7885f58c17df4bf74b042959c3012.svg (2KB)
assets\figma\survey-664-386.7c802afe617acd1c75931d8295529bbf.svg (1.7KB)
assets\figma\survey-664-398.11147e10b87979ab4357aa47417d25fc.svg (2.2KB)
assets\figma\survey-664-410.4a74720b60a1136270d025b84b892ad7.svg (1.5KB)
assets\figma\survey-664-422.2671e2fec0f0dc56b41d8209dffda4c0.svg (359B)
assets\figma\survey-664-424.f7f0a933881e6063170f8b25533841e0.svg (1.5KB)
assets\figma\survey-664-434.c174c55347512f9355f7dae7e29701d8.svg (1.6KB)
assets\figma\survey-664-441.65fb85f38c37cd8efed64861d8998e1d.svg (1.6KB)
assets\figma\survey-664-609.4ee51105ec872c34b1b43149abac6469.png (5.2KB)
assets\figma\survey-664-614.bd1b2469b0d3b0521b546827091619a0.png (4.1KB)
assets\figma\survey-664-621.f188873bb03e5b380efa02180fefdad2.png (3KB)
node_modules\@expo-google-fonts\be-vietnam-pro\100Thin_Italic\BeVietnamPro_100Thin_Italic.5c3842bf4e59d238287373416350bc5f.ttf (128KB)
node_modules\@expo-google-fonts\be-vietnam-pro\100Thin\BeVietnamPro_100Thin.2a68a1d21b79b568efa33b0f18911f47.ttf (126KB)
node_modules\@expo-google-fonts\be-vietnam-pro\200ExtraLight_Italic\BeVietnamPro_200ExtraLight_Italic.5cc20e369e2afc3ab30f5e88e0756f79.ttf (130KB)
node_modules\@expo-google-fonts\be-vietnam-pro\200ExtraLight\BeVietnamPro_200ExtraLight.2e87b1b9bdea81f9805eb85bb80e6689.ttf (133KB)
node_modules\@expo-google-fonts\be-vietnam-pro\300Light_Italic\BeVietnamPro_300Light_Italic.671f752780e3fe0804bdaa469db70610.ttf (135KB)
node_modules\@expo-google-fonts\be-vietnam-pro\300Light\BeVietnamPro_300Light.9e31712d122811b9f23244eea8ed1f65.ttf (135KB)
node_modules\@expo-google-fonts\be-vietnam-pro\400Regular_Italic\BeVietnamPro_400Regular_Italic.4a52d58123fb34eda06705be7aec3e7d.ttf (136KB)
node_modules\@expo-google-fonts\be-vietnam-pro\400Regular\BeVietnamPro_400Regular.c5e428a085c4b00246ad5907a008f66e.ttf (132KB)
node_modules\@expo-google-fonts\be-vietnam-pro\500Medium_Italic\BeVietnamPro_500Medium_Italic.0373f397968f7e850a688794200499dc.ttf (137KB)
node_modules\@expo-google-fonts\be-vietnam-pro\500Medium\BeVietnamPro_500Medium.50989f445ba826b027e53a184912b086.ttf (135KB)
node_modules\@expo-google-fonts\be-vietnam-pro\600SemiBold_Italic\BeVietnamPro_600SemiBold_Italic.521c06ee34a3cff763dda94170416914.ttf (134KB)
node_modules\@expo-google-fonts\be-vietnam-pro\600SemiBold\BeVietnamPro_600SemiBold.f48f456b9dd791c9b867b886f1d67233.ttf (135KB)
node_modules\@expo-google-fonts\be-vietnam-pro\700Bold_Italic\BeVietnamPro_700Bold_Italic.28257908348cb662c7e4de38fc86f9eb.ttf (137KB)
node_modules\@expo-google-fonts\be-vietnam-pro\700Bold\BeVietnamPro_700Bold.2156573ad467059f4365bb994f0b73ba.ttf (139KB)
node_modules\@expo-google-fonts\be-vietnam-pro\800ExtraBold_Italic\BeVietnamPro_800ExtraBold_Italic.87873772eb3208df1a0971f8910b7439.ttf (137KB)
node_modules\@expo-google-fonts\be-vietnam-pro\800ExtraBold\BeVietnamPro_800ExtraBold.a025158530fe94caccfc463f2e222810.ttf (138KB)
node_modules\@expo-google-fonts\be-vietnam-pro\900Black_Italic\BeVietnamPro_900Black_Italic.263e5a55956bc08211b58db7704b2de4.ttf (139KB)
node_modules\@expo-google-fonts\be-vietnam-pro\900Black\BeVietnamPro_900Black.72e6e1582c0939a83b93cd30390f01f1.ttf (141KB)
node_modules\@expo-google-fonts\inter\100Thin_Italic\Inter_100Thin_Italic.1b97f7df9b976cfe530c18c09598e6f6.ttf (347KB)
node_modules\@expo-google-fonts\inter\100Thin\Inter_100Thin.ddbb1cd55ad509e82377bd10beed6506.ttf (343KB)
node_modules\@expo-google-fonts\inter\200ExtraLight_Italic\Inter_200ExtraLight_Italic.3d0662838915a7a16d01c262735d3d29.ttf (347KB)
node_modules\@expo-google-fonts\inter\200ExtraLight\Inter_200ExtraLight.e1f33daee21eb5998b13d3e05264d9a3.ttf (343KB)
node_modules\@expo-google-fonts\inter\300Light_Italic\Inter_300Light_Italic.17f8f23a2852bfa14ce5bf590c2a0e2c.ttf (347KB)
node_modules\@expo-google-fonts\inter\300Light\Inter_300Light.d2994e3dea3856e1834395ad6cce32af.ttf (343KB)
node_modules\@expo-google-fonts\inter\400Regular_Italic\Inter_400Regular_Italic.36cad9f97595b7759264b945d64502b4.ttf (346KB)
node_modules\@expo-google-fonts\inter\400Regular\Inter_400Regular.51b6ad87261f18b6433ec52871ddfabc.ttf (342KB)
node_modules\@expo-google-fonts\inter\500Medium_Italic\Inter_500Medium_Italic.155406bfbfb023eb104728edfe62c0e9.ttf (346KB)
node_modules\@expo-google-fonts\inter\500Medium\Inter_500Medium.137ab18bace28dd0bd83eb3b8ed2bc54.ttf (343KB)
node_modules\@expo-google-fonts\inter\600SemiBold_Italic\Inter_600SemiBold_Italic.a349d1ac188e1a67689432f44de99849.ttf (347KB)
node_modules\@expo-google-fonts\inter\600SemiBold\Inter_600SemiBold.a5f35888d2da465de352e0dcfaf33324.ttf (344KB)
node_modules\@expo-google-fonts\inter\700Bold_Italic\Inter_700Bold_Italic.3398006c80026f0508aaaf4808950d56.ttf (348KB)
node_modules\@expo-google-fonts\inter\700Bold\Inter_700Bold.6e237de4f1f413afa2fcc45c77ac343a.ttf (344KB)
node_modules\@expo-google-fonts\inter\800ExtraBold_Italic\Inter_800ExtraBold_Italic.7ca909a56537d965feef41abe58b87e0.ttf (349KB)
node_modules\@expo-google-fonts\inter\800ExtraBold\Inter_800ExtraBold.6016034293c084aa0c056e83938bf1cc.ttf (345KB)
node_modules\@expo-google-fonts\inter\900Black_Italic\Inter_900Black_Italic.d5f78c24de59ce5e4bad405e10e71941.ttf (349KB)
node_modules\@expo-google-fonts\inter\900Black\Inter_900Black.bcec6eda9700a81ba92c483a2f2c02c1.ttf (345KB)
node_modules\@expo-google-fonts\plus-jakarta-sans\200ExtraLight_Italic\PlusJakartaSans_200ExtraLight_Italic.61fa32023bed315ba0b30c3c65e72a4e.ttf (97KB)
node_modules\@expo-google-fonts\plus-jakarta-sans\200ExtraLight\PlusJakartaSans_200ExtraLight.fdd89758261c9786825d3cdeaf8bc77d.ttf (95KB)
node_modules\@expo-google-fonts\plus-jakarta-sans\300Light_Italic\PlusJakartaSans_300Light_Italic.896f455ad601bd4cea2e2865e7f8ba82.ttf (97KB)
node_modules\@expo-google-fonts\plus-jakarta-sans\300Light\PlusJakartaSans_300Light.96e9519e0b4b43793371e04336d658cb.ttf (95KB)
node_modules\@expo-google-fonts\plus-jakarta-sans\400Regular_Italic\PlusJakartaSans_400Regular_Italic.991a0b32ae96c0baea0bde1d089c31c1.ttf (97KB)
node_modules\@expo-google-fonts\plus-jakarta-sans\400Regular\PlusJakartaSans_400Regular.dd3a1370a03dc0f2d7d093bd0ffe7c0b.ttf (95KB)
node_modules\@expo-google-fonts\plus-jakarta-sans\500Medium_Italic\PlusJakartaSans_500Medium_Italic.398aa3fc207279a90a3311589d865743.ttf (97KB)
node_modules\@expo-google-fonts\plus-jakarta-sans\500Medium\PlusJakartaSans_500Medium.0a825b3e08f62af5a9bc9130843b12ff.ttf (95KB)
node_modules\@expo-google-fonts\plus-jakarta-sans\600SemiBold_Italic\PlusJakartaSans_600SemiBold_Italic.949372fb28f6081d7f1704c83f96a64c.ttf (97KB)
node_modules\@expo-google-fonts\plus-jakarta-sans\600SemiBold\PlusJakartaSans_600SemiBold.73de6fb49299ccb6478575127008c120.ttf (95KB)
node_modules\@expo-google-fonts\plus-jakarta-sans\700Bold_Italic\PlusJakartaSans_700Bold_Italic.0018f3803beb3f4896077c1a132a3623.ttf (97KB)
node_modules\@expo-google-fonts\plus-jakarta-sans\700Bold\PlusJakartaSans_700Bold.bac8ecad2d6da4aa6b4200699a80a9dd.ttf (95KB)
node_modules\@expo-google-fonts\plus-jakarta-sans\800ExtraBold_Italic\PlusJakartaSans_800ExtraBold_Italic.c28e0379a2d9a6e859e1729ba6a68a79.ttf (97KB)
node_modules\@expo-google-fonts\plus-jakarta-sans\800ExtraBold\PlusJakartaSans_800ExtraBold.f90855567d2c693a26e66f7184645099.ttf (95KB)
node_modules\@expo\vector-icons\build\vendor\react-native-vector-icons\Fonts\AntDesign.3f78af31cca60105799838a1a7a59fbd.ttf (130KB)
node_modules\@expo\vector-icons\build\vendor\react-native-vector-icons\Fonts\Entypo.31b5ffea3daddc69dd01a1f3d6cf63c5.ttf (66KB)
node_modules\@expo\vector-icons\build\vendor\react-native-vector-icons\Fonts\EvilIcons.140c53a7643ea949007aa9a282153849.ttf (13KB)
node_modules\@expo\vector-icons\build\vendor\react-native-vector-icons\Fonts\Feather.ca4b48e04dc1ce10bfbddb262c8b835f.ttf (56KB)
node_modules\@expo\vector-icons\build\vendor\react-native-vector-icons\Fonts\FontAwesome.b06871f281fee6b241d60582ae9369b9.ttf (166KB)
node_modules\@expo\vector-icons\build\vendor\react-native-vector-icons\Fonts\FontAwesome5_Brands.3b89dd103490708d19a95adcae52210e.ttf (134KB)
node_modules\@expo\vector-icons\build\vendor\react-native-vector-icons\Fonts\FontAwesome5_Regular.1f77739ca9ff2188b539c36f30ffa2be.ttf (34KB)
node_modules\@expo\vector-icons\build\vendor\react-native-vector-icons\Fonts\FontAwesome5_Solid.605ed7926cf39a2ad5ec2d1f9d391d3d.ttf (203KB)
node_modules\@expo\vector-icons\build\vendor\react-native-vector-icons\Fonts\FontAwesome6_Brands.56c8d80832e37783f12c05db7c8849e2.ttf (209KB)
node_modules\@expo\vector-icons\build\vendor\react-native-vector-icons\Fonts\FontAwesome6_Regular.370dd5af19f8364907b6e2c41f45dbbf.ttf (68KB)
node_modules\@expo\vector-icons\build\vendor\react-native-vector-icons\Fonts\FontAwesome6_Solid.adec7d6f310bc577f05e8fe06a5daccf.ttf (424KB)
node_modules\@expo\vector-icons\build\vendor\react-native-vector-icons\Fonts\Fontisto.b49ae8ab2dbccb02c4d11caaacf09eab.ttf (314KB)
node_modules\@expo\vector-icons\build\vendor\react-native-vector-icons\Fonts\Foundation.e20945d7c929279ef7a6f1db184a4470.ttf (57KB)
node_modules\@expo\vector-icons\build\vendor\react-native-vector-icons\Fonts\Ionicons.b4eb097d35f44ed943676fd56f6bdc51.ttf (390KB)
node_modules\@expo\vector-icons\build\vendor\react-native-vector-icons\Fonts\MaterialCommunityIcons.6e435534bd35da5fef04168860a9b8fa.ttf (1.3MB)
node_modules\@expo\vector-icons\build\vendor\react-native-vector-icons\Fonts\MaterialIcons.4e85bc9ebe07e0340c9c4fc2f6c38908.ttf (357KB)
node_modules\@expo\vector-icons\build\vendor\react-native-vector-icons\Fonts\Octicons.871378c6eab492a3e689a9385dc45a12.ttf (69KB)
node_modules\@expo\vector-icons\build\vendor\react-native-vector-icons\Fonts\SimpleLineIcons.d2285965fe34b05465047401b8595dd0.ttf (54KB)
node_modules\@expo\vector-icons\build\vendor\react-native-vector-icons\Fonts\Zocial.1681f34aaca71b8dfb70756bca331eb2.ttf (26KB)
node_modules\@react-navigation\elements\lib\module\assets\back-icon-mask.0a328cd9c1afd0afe8e3b1ec5165b1b4.png (653B)
node_modules\@react-navigation\elements\lib\module\assets\back-icon.35ba0eaec5a4f5ed12ca16fabeae451d.png (207B)
node_modules\@react-navigation\elements\lib\module\assets\clear-icon.c94f6478e7ae0cdd9f15de1fcb9e5e55.png (4 variations | 425B)
node_modules\@react-navigation\elements\lib\module\assets\close-icon.808e1b1b9b53114ec2838071a7e6daa7.png (4 variations | 235B)
node_modules\@react-navigation\elements\lib\module\assets\search-icon.286d67d3f74808a60a78d3ebf1a5fb57.png (928B)

› web bundles (1):
_expo/static/js/web/AppEntry-532245437c0a781c41f6f316dc12b2c8.js (2.9MB)

› Files (2):
index.html (1.2KB)
metadata.json (49B)

Exported: dist
